# nQubits=3, initDebug, rotQubit=1, controlQubit=2
0.00000000000000, 0.10000000000000
0.20000000000000, 0.30000000000000
0.40000000000000, 0.50000000000000
0.60000000000000, 0.70000000000000
-0.03549541163379, -1.27948594632226
-0.03757070282964, -1.45599339578048
1.65590162454181, 0.44681718717680
2.00820463840944, 0.51554418239694
