# nQubits=3, initDebug, rotQubit=0, controlQubit=2
0.00000000000000, 0.10000000000000
0.20000000000000, 0.30000000000000
0.40000000000000, 0.50000000000000
0.60000000000000, 0.70000000000000
-0.00009426842579, -1.01508071465933
1.56800384233710, 0.41349133516466
-0.00424485081749, -1.36809561357578
2.27260987007236, 0.55094532560494
