# nQubits=3, initDebug, rotQubit=1, controlQubit=0
0.00000000000000, 0.10000000000000
-0.02926953804624, -0.74996359794759
0.40000000000000, 0.50000000000000
0.59899258293891, 0.24063620151638
0.80000000000000, 0.90000000000000
-0.03757070282964, -1.45599339578048
1.20000000000000, 1.30000000000000
2.00820463840944, 0.51554418239694
