# nQubits=3, initDebug, rotQubit=2, controlQubit=0
0.00000000000000, 0.10000000000000
-0.10007182446223, -1.27877406127345
0.40000000000000, 0.50000000000000
-0.10422240685393, -1.63178896018989
0.80000000000000, 0.90000000000000
0.77478814734832, 0.30728790554067
1.20000000000000, 1.30000000000000
1.47939417508358, 0.44474189598095
