# nQubits=3, initDebug, rotQubit=2, controlQubit=1
0.00000000000000, 0.10000000000000
0.20000000000000, 0.30000000000000
-0.10214711565808, -1.45528151073167
-0.10422240685393, -1.63178896018989
0.80000000000000, 0.90000000000000
1.00000000000000, 1.10000000000000
1.12709116121595, 0.37601490076081
1.47939417508358, 0.44474189598095
