# nQubits=3, initDebug, rotQubit=2, controlQubit=2
-0.09799653326639, -1.10226661181522
-0.10007182446223, -1.27877406127345
-0.10214711565808, -1.45528151073167
-0.10422240685393, -1.63178896018989
0.42248513348069, 0.23856091032053
0.77478814734832, 0.30728790554067
1.12709116121595, 0.37601490076081
1.47939417508358, 0.44474189598095
