# nQubits=3, initDebug, rotQubit=0, controlQubit=1
0.00000000000000, 0.10000000000000
0.20000000000000, 0.30000000000000
0.00405631396590, -0.66206581574289
0.86339781460184, 0.27603734472437
0.80000000000000, 0.90000000000000
1.00000000000000, 1.10000000000000
-0.00424485081749, -1.36809561357578
2.27260987007236, 0.55094532560494
