# nQubits=3, initDebug, rotQubit=0, controlQubit=0
0.00820689635760, -0.30905091682644
0.15879178686658, 0.13858335428409
0.00405631396590, -0.66206581574289
0.86339781460184, 0.27603734472437
-0.00009426842579, -1.01508071465933
1.56800384233710, 0.41349133516466
-0.00424485081749, -1.36809561357578
2.27260987007236, 0.55094532560494
