# nQubits=3, initDebug, rotQubit=1, controlQubit=1
-0.02719424685040, -0.57345614848937
-0.02926953804624, -0.74996359794759
0.24668956907128, 0.17190920629624
0.59899258293891, 0.24063620151638
-0.03549541163379, -1.27948594632226
-0.03757070282964, -1.45599339578048
1.65590162454181, 0.44681718717680
2.00820463840944, 0.51554418239694
