# numQubits=3
0.37796447300923, 0.00000000000000
0.37796447300923, 0.00000000000000
0.37796447300923, 0.00000000000000
0.37796447300923, 0.00000000000000
0.37796447300923, 0.00000000000000
0.37796447300923, 0.00000000000000
0.37796447300923, 0.00000000000000
0.00000000000000, 0.00000000000000
