# nQubits=3, initDebug, qubit=0
0.14142135623731, 0.28284271247462
-0.14142135623731, -0.14142135623731
0.70710678118655, 0.84852813742386
-0.14142135623731, -0.14142135623731
1.27279220613579, 1.41421356237309
-0.14142135623731, -0.14142135623731
1.83847763108502, 1.97989898732233
-0.14142135623731, -0.14142135623731
