# nQubits=3, initDebug, qubit=2
0.56568542494924, 0.70710678118655
0.84852813742386, 0.98994949366117
1.13137084989848, 1.27279220613579
1.41421356237309, 1.55563491861040
-0.56568542494924, -0.56568542494924
-0.56568542494924, -0.56568542494924
-0.56568542494924, -0.56568542494924
-0.56568542494924, -0.56568542494924
