# nQubits=3, initDebug, qubit=1
0.28284271247462, 0.42426406871193
0.56568542494924, 0.70710678118655
-0.28284271247462, -0.28284271247462
-0.28284271247462, -0.28284271247462
1.41421356237309, 1.55563491861040
1.69705627484771, 1.83847763108502
-0.28284271247462, -0.28284271247462
-0.28284271247462, -0.28284271247462
