# nQubits=3, initDebug, qubit=0
0.00000000000000, 0.10000000000000
-0.07071067811865, 0.35355339059327
0.40000000000000, 0.50000000000000
-0.07071067811865, 0.91923881554251
0.80000000000000, 0.90000000000000
-0.07071067811865, 1.48492424049175
1.20000000000000, 1.30000000000000
-0.07071067811865, 2.05060966544099
