# nQubits=3, initDebug, qubit=2
0.00000000000000, 0.10000000000000
0.20000000000000, 0.30000000000000
0.40000000000000, 0.50000000000000
0.60000000000000, 0.70000000000000
-0.07071067811865, 1.20208152801713
-0.07071067811865, 1.48492424049175
-0.07071067811865, 1.76776695296637
-0.07071067811865, 2.05060966544099
