# nQubits=3, initDebug, qubit=1
0.00000000000000, 0.10000000000000
0.20000000000000, 0.30000000000000
-0.07071067811865, 0.63639610306789
-0.07071067811865, 0.91923881554251
0.80000000000000, 0.90000000000000
1.00000000000000, 1.10000000000000
-0.07071067811865, 1.76776695296637
-0.07071067811865, 2.05060966544099
